// Jest Snapshot v1, https://goo.gl/fbAQLP

exports[`Transaction input component should match the snapshot 1`] = `"<h2 class=\\"MuiTypography-root MuiTypography-h6 MuiTypography-colorPrimary MuiTypography-gutterBottom\\">Search for a transaction:</h2><form><div class=\\"MuiFormControl-root MuiTextField-root MuiFormControl-marginNormal MuiFormControl-fullWidth\\" style=\\"margin:8px\\"><label class=\\"MuiFormLabel-root MuiInputLabel-root MuiInputLabel-formControl MuiInputLabel-animated MuiInputLabel-shrink MuiFormLabel-filled\\" data-shrink=\\"true\\" for=\\"filled-full-width\\" id=\\"filled-full-width-label\\" hrink=\\"true\\">Transaction ID</label><div class=\\"MuiInputBase-root MuiInput-root MuiInput-underline MuiInputBase-fullWidth MuiInput-fullWidth MuiInputBase-formControl MuiInput-formControl\\"><input type=\\"text\\" aria-invalid=\\"false\\" aria-describedby=\\"filled-full-width-helper-text\\" id=\\"filled-full-width\\" name=\\"transactionID\\" value=\\"b6f6991d03df0e2e04dafffcd6bc418aac66049e2cd74b80f14ac86db1e3f0da\\" class=\\"MuiInputBase-input MuiInput-input\\"/></div><p class=\\"MuiFormHelperText-root MuiFormHelperText-filled\\" id=\\"filled-full-width-helper-text\\">Enter a Bitcoin transaction ID</p></div></form>"`;
